

================================================================
== Vivado HLS Report for 'HWA_func'
================================================================
* Date:           Fri Apr 24 14:29:22 2015

* Version:        2014.2 (Build 928826 on Thu Jun 05 17:25:20 PM 2014)
* Project:        HWA_func
* Solution:       solution1
* Product family: zynq zynq_fpv6 
* Target device:  xc7z020clg484-1


================================================================
== Performance Estimates
================================================================
+ Timing (ns): 
    * Summary: 
    +---------+-------+----------+------------+
    |  Clock  | Target| Estimated| Uncertainty|
    +---------+-------+----------+------------+
    |default  |  10.00|      6.12|        1.25|
    +---------+-------+----------+------------+

+ Latency (clock cycles): 
    * Summary: 
    +-----+-----+-----+-----+---------+
    |  Latency  |  Interval | Pipeline|
    | min | max | min | max |   Type  |
    +-----+-----+-----+-----+---------+
    |    ?|    ?|    ?|    ?|   none  |
    +-----+-----+-----+-----+---------+

    + Detail: 
        * Instance: 
        N/A

        * Loop: 
        +----------+-----+-----+----------+-----------+-----------+------+----------+
        |          |  Latency  | Iteration|  Initiation Interval  | Trip |          |
        | Loop Name| min | max |  Latency |  achieved |   target  | Count| Pipelined|
        +----------+-----+-----+----------+-----------+-----------+------+----------+
        |- Loop 1  |    ?|    ?|        35|          -|          -|     ?|    no    |
        +----------+-----+-----+----------+-----------+-----------+------+----------+



================================================================
== Utilization Estimates
================================================================
* Summary: 
+-----------------+---------+-------+--------+-------+
|       Name      | BRAM_18K| DSP48E|   FF   |  LUT  |
+-----------------+---------+-------+--------+-------+
|Expression       |        -|      -|       0|     40|
|FIFO             |        -|      -|       -|      -|
|Instance         |        -|      -|     352|    416|
|Memory           |        -|      -|       -|      -|
|Multiplexer      |        -|      -|       -|    130|
|Register         |        -|      -|      70|      -|
+-----------------+---------+-------+--------+-------+
|Total            |        0|      0|     422|    586|
+-----------------+---------+-------+--------+-------+
|Available        |      280|    220|  106400|  53200|
+-----------------+---------+-------+--------+-------+
|Utilization (%)  |        0|      0|   ~0   |      1|
+-----------------+---------+-------+--------+-------+

+ Detail: 
    * Instance: 
    +--------------------------------------+-----------------------------------+---------+-------+-----+-----+
    |               Instance               |               Module              | BRAM_18K| DSP48E|  FF | LUT |
    +--------------------------------------+-----------------------------------+---------+-------+-----+-----+
    |HWA_func_srem_32ns_32ns_32_35_seq_U0  |HWA_func_srem_32ns_32ns_32_35_seq  |        0|      0|  352|  416|
    +--------------------------------------+-----------------------------------+---------+-------+-----+-----+
    |Total                                 |                                   |        0|      0|  352|  416|
    +--------------------------------------+-----------------------------------+---------+-------+-----+-----+

    * Memory: 
    N/A

    * FIFO: 
    N/A

    * Expression: 
    +--------------+----------+-------+---+----+------------+------------+
    | Variable Name| Operation| DSP48E| FF| LUT| Bitwidth P0| Bitwidth P1|
    +--------------+----------+-------+---+----+------------+------------+
    |tmp_fu_80_p2  |   icmp   |      0|  0|  40|          32|           1|
    +--------------+----------+-------+---+----+------------+------------+
    |Total         |          |      0|  0|  40|          32|           1|
    +--------------+----------+-------+---+----+------------+------------+

    * Multiplexer: 
    +-----------+----+-----------+-----+-----------+
    |    Name   | LUT| Input Size| Bits| Total Bits|
    +-----------+----+-----------+-----+-----------+
    |ap_NS_fsm  |  66|         37|    6|        222|
    |b_reg_67   |  32|          2|   32|         64|
    |c_reg_57   |  32|          2|   32|         64|
    +-----------+----+-----------+-----+-----------+
    |Total      | 130|         41|   70|        350|
    +-----------+----+-----------+-----+-----------+

    * Register: 
    +-----------+----+----+-----+-----------+
    |    Name   | FF | LUT| Bits| Const Bits|
    +-----------+----+----+-----+-----------+
    |ap_CS_fsm  |   6|   0|    6|          0|
    |b_reg_67   |  32|   0|   32|          0|
    |c_reg_57   |  32|   0|   32|          0|
    +-----------+----+----+-----+-----------+
    |Total      |  70|   0|   70|          0|
    +-----------+----+----+-----+-----------+



================================================================
== Interface
================================================================
* Summary: 
+--------------+-----+-----+------------+--------------+--------------+
|   RTL Ports  | Dir | Bits|  Protocol  | Source Object|    C Type    |
+--------------+-----+-----+------------+--------------+--------------+
|ap_clk        |  in |    1| ap_ctrl_hs |   HWA_func   | return value |
|ap_rst        |  in |    1| ap_ctrl_hs |   HWA_func   | return value |
|ap_start      |  in |    1| ap_ctrl_hs |   HWA_func   | return value |
|ap_done       | out |    1| ap_ctrl_hs |   HWA_func   | return value |
|ap_idle       | out |    1| ap_ctrl_hs |   HWA_func   | return value |
|ap_ready      | out |    1| ap_ctrl_hs |   HWA_func   | return value |
|x             |  in |   32|   ap_none  |       x      |    scalar    |
|y             |  in |   32|   ap_none  |       y      |    scalar    |
|id            | out |   32|   ap_vld   |      id      |    pointer   |
|id_ap_vld     | out |    1|   ap_vld   |      id      |    pointer   |
|out_r         | out |   32|   ap_vld   |     out_r    |    pointer   |
|out_r_ap_vld  | out |    1|   ap_vld   |     out_r    |    pointer   |
+--------------+-----+-----+------------+--------------+--------------+

